// Jest Snapshot v1, https://goo.gl/fbAQLP

exports[`App renders correctly 1`] = `
<DocumentFragment>
  <header
    class="header"
  >
    <h3>
      Stock Recommender
    </h3>
  </header>
</DocumentFragment>
`;
